ValueClass? = ValueClass(number=153)
UsualClass? = null
UByteArray = null
UIntArray? = null
Foo<ValueClass> = null
Foo<UsualClass> = null
